mode: set
github.com/char2cs/crowbar/api/internal/app/repositories/chat/attachments/attachments.go:43.30,43.66 1 1
github.com/char2cs/crowbar/api/internal/app/repositories/chat/attachments/attachments.go:53.39,55.85 2 1
github.com/char2cs/crowbar/api/internal/app/repositories/chat/attachments/attachments.go:55.85,57.3 1 1
github.com/char2cs/crowbar/api/internal/app/repositories/chat/attachments/attachments.go:58.2,58.56 1 1
github.com/char2cs/crowbar/api/internal/app/repositories/chat/attachments/attachments.go:74.45,75.18 1 1
github.com/char2cs/crowbar/api/internal/app/repositories/chat/attachments/attachments.go:75.18,77.3 1 1
github.com/char2cs/crowbar/api/internal/app/repositories/chat/attachments/attachments.go:78.2,79.16 2 1
github.com/char2cs/crowbar/api/internal/app/repositories/chat/attachments/attachments.go:79.16,81.3 1 1
github.com/char2cs/crowbar/api/internal/app/repositories/chat/attachments/attachments.go:82.2,82.26 1 1
github.com/char2cs/crowbar/api/internal/app/repositories/chat/attachments/attachments.go:82.26,84.3 1 1
github.com/char2cs/crowbar/api/internal/app/repositories/chat/attachments/attachments.go:85.2,87.48 2 1
github.com/char2cs/crowbar/api/internal/app/repositories/chat/attachments/attachments.go:87.48,89.3 1 0
github.com/char2cs/crowbar/api/internal/app/repositories/chat/attachments/attachments.go:90.2,91.49 2 1
github.com/char2cs/crowbar/api/internal/app/repositories/chat/attachments/attachments.go:91.49,93.3 1 1
github.com/char2cs/crowbar/api/internal/app/repositories/chat/attachments/attachments.go:93.8,93.48 1 1
github.com/char2cs/crowbar/api/internal/app/repositories/chat/attachments/attachments.go:93.48,95.3 1 0
github.com/char2cs/crowbar/api/internal/app/repositories/chat/attachments/attachments.go:97.2,97.56 1 1
github.com/char2cs/crowbar/api/internal/app/repositories/chat/attachments/attachments.go:97.56,99.3 1 0
github.com/char2cs/crowbar/api/internal/app/repositories/chat/attachments/attachments.go:100.2,100.41 1 1
github.com/char2cs/crowbar/api/internal/app/repositories/chat/attachments/attachments.go:110.66,112.2 1 1
github.com/char2cs/crowbar/api/internal/app/repositories/chat/attachments/attachments.go:114.46,115.21 1 1
github.com/char2cs/crowbar/api/internal/app/repositories/chat/attachments/attachments.go:116.19,117.16 1 1
github.com/char2cs/crowbar/api/internal/app/repositories/chat/attachments/attachments.go:118.20,119.16 1 1
github.com/char2cs/crowbar/api/internal/app/repositories/chat/attachments/attachments.go:120.19,121.16 1 1
github.com/char2cs/crowbar/api/internal/app/repositories/chat/attachments/attachments.go:122.20,123.17 1 1
github.com/char2cs/crowbar/api/internal/app/repositories/chat/attachments/attachments.go:124.25,125.16 1 1
github.com/char2cs/crowbar/api/internal/app/repositories/chat/attachments/attachments.go:126.10,127.16 1 1
github.com/char2cs/crowbar/api/internal/app/repositories/chat/attachments/attachments.go:136.38,138.37 2 1
github.com/char2cs/crowbar/api/internal/app/repositories/chat/attachments/attachments.go:138.37,140.3 1 1
github.com/char2cs/crowbar/api/internal/app/repositories/chat/attachments/attachments.go:141.2,142.21 2 1
github.com/char2cs/crowbar/api/internal/app/repositories/chat/attachments/attachments.go:142.21,144.3 1 1
github.com/char2cs/crowbar/api/internal/app/repositories/chat/attachments/attachments.go:145.2,145.44 1 1
github.com/char2cs/crowbar/api/internal/app/repositories/chat/attachments/attachments.go:145.44,147.3 1 1
github.com/char2cs/crowbar/api/internal/app/repositories/chat/attachments/attachments.go:148.2,148.11 1 1
github.com/char2cs/crowbar/api/internal/app/repositories/chat/attachments/attachments.go:162.48,163.59 1 1
github.com/char2cs/crowbar/api/internal/app/repositories/chat/attachments/attachments.go:163.59,165.3 1 1
github.com/char2cs/crowbar/api/internal/app/repositories/chat/attachments/attachments.go:166.2,168.46 3 1
github.com/char2cs/crowbar/api/internal/app/repositories/chat/attachments/attachments.go:168.46,170.3 1 1
github.com/char2cs/crowbar/api/internal/app/repositories/chat/attachments/attachments.go:172.2,173.16 2 1
github.com/char2cs/crowbar/api/internal/app/repositories/chat/attachments/attachments.go:173.16,175.3 1 0
github.com/char2cs/crowbar/api/internal/app/repositories/chat/attachments/attachments.go:176.2,176.15 1 1
github.com/char2cs/crowbar/api/internal/app/repositories/chat/attachments/attachments.go:176.15,176.32 1 1
github.com/char2cs/crowbar/api/internal/app/repositories/chat/attachments/attachments.go:177.2,178.47 2 1
github.com/char2cs/crowbar/api/internal/app/repositories/chat/attachments/attachments.go:178.47,180.3 1 1
github.com/char2cs/crowbar/api/internal/app/repositories/chat/attachments/attachments.go:181.2,181.37 1 1
